// Jest Snapshot v1, https://goo.gl/fbAQLP

exports[`FluentStyleExtractor Real Vendor Integration should extract styles from real FluentUI package with snapshot testing: real-vendor-extraction-results 1`] = `
{
  "extractedFiles": [
    {
      "extractedClassCount": 48,
      "isVendorFile": false,
      "relativePath": "src/App.styles.ts",
      "success": true,
    },
  ],
  "generatedCSS": "/* FluentUI Extracted Styles */
/* Generated by Heft FluentUI Style Extractor */

:root {
  --colorBrandBackground: #0078d4;
  --colorNeutralBackground1: #ffffff;
  --fontSizeBase300: 14px;
  --borderRadiusSmall: 2px;
}

/* src/App.styles.ts */
.css-normalized{font-family:Segoe UI, sans-serif;padding-top:20px;padding-right:20px;padding-bottom:20px;padding-left:20px;background-color:#ffffff;min-height:100vh;}.css-normalized{padding-top:16px;padding-right:24px;padding-bottom:16px;padding-left:24px;border-radius:4px;margin-bottom:20px;font-size:20px;font-weight:600;}.css-normalized{display:grid;grid-template-columns:repeat(auto-fit, minmax(300px, 1fr));gap:20px;align-items:start;}


/*# sourceMappingURL=to.css.map */",
  "metrics": {
    "hasErrors": false,
    "hasWarnings": false,
    "stylesExtracted": 48,
    "totalFiles": 1,
    "vendorPackageCount": 1,
  },
  "vendorPackages": [
    {
      "compatible": true,
      "filesProcessed": 0,
      "packageName": "@fluentui/react-button",
      "stylesExtracted": 0,
      "version": "9.3.87",
    },
  ],
}
`;

exports[`FluentStyleExtractor Real Vendor Integration should handle real package with complex CSS-in-JS patterns - snapshot test: real-vendor-complex-patterns 1`] = `
{
  "cssOutput": {
    "classCount": 12,
    "hasComplexSelectors": false,
    "hasDataAttributes": false,
    "hasThemeTokens": true,
    "totalLength": 1072,
  },
  "extractionSuccess": true,
  "totalExtractedFiles": 2,
  "userFiles": [
    {
      "extractedCSS": ".css-0{font-family:Segoe UI, sans-serif;padding-top:20px;padding-right:20px;padding-bottom:20px;padding-left:20px;background-color:#ffffff;min-height:100vh;}.css-1{padding-top:16px;padding-right:24px;padding-bottom:16px;padding-left:24px;border-radius:4px;margin-bottom:20px;font-size:20px;font-weight:600;}.css-2{display:grid;grid-template-columns:repeat(auto-fit, minmax(300px, 1fr));gap:20px;align-items:start;}",
      "extractedClasses": [
        "css-0",
        "css-1",
        "css-2",
        "css-0",
        "css-1",
        "css-2",
        "css-0",
        "css-1",
        "css-2",
        "css-0",
        "css-1",
        "css-2",
        "css-0",
        "css-1",
        "css-2",
        "css-0",
        "css-1",
        "css-2",
        "css-0",
        "css-1",
        "css-2",
        "css-0",
        "css-1",
        "css-2",
        "css-0",
        "css-1",
        "css-2",
        "css-0",
        "css-1",
        "css-2",
        "css-0",
        "css-1",
        "css-2",
        "css-0",
        "css-1",
        "css-2",
        "css-0",
        "css-1",
        "css-2",
        "css-0",
        "css-1",
        "css-2",
        "css-0",
        "css-1",
        "css-2",
        "css-0",
        "css-1",
        "css-2",
      ],
      "filePath": "/tmp/fluentui-heft-plugin-real-vendor-test/project/src/App.styles.ts",
      "originalCode": "
export const getStyles = (props: any) => {
  const { theme, variant } = props;
  const { palette } = theme || {
    palette: {
      themePrimary: '#0078d4',
      white: '#ffffff',
      neutralLight: '#f3f2f1'
    }
  };

  return {
    appContainer: {
      fontFamily: 'Segoe UI, sans-serif',
      padding: '20px',
      backgroundColor: palette.white,
      minHeight: '100vh'
    },
    header: {
      backgroundColor: variant === 'branded' ? palette.themePrimary : palette.neutralLight,
      color: variant === 'branded' ? palette.white : '#323130',
      padding: '16px 24px',
      borderRadius: '4px',
      marginBottom: '20px',
      fontSize: '20px',
      fontWeight: '600'
    },
    content: {
      display: 'grid',
      gridTemplateColumns: 'repeat(auto-fit, minmax(300px, 1fr))',
      gap: '20px',
      alignItems: 'start'
    }
  };
};
",
      "relativePath": "src/App.styles.ts",
      "success": true,
      "transformedCode": "export const getStyles = props => {
  return {
    root: ["css-0", props.className]
  };
};",
    },
    {
      "extractedCSS": ".root-0{display:flex;flex-direction:column;height:100vh;}.header-1{background-color:#0078d4;color:white;padding-top:16px;padding-right:16px;padding-bottom:16px;padding-left:16px;}.content-2{flex:1;padding-top:20px;padding-right:20px;padding-bottom:20px;padding-left:20px;}.css-3{display:flex;gap:8px;align-items:center;}.css-4{pointer-events:none;}",
      "extractedClasses": [
        "root-0",
        "header-1",
        "content-2",
        "css-3",
        "css-3",
        "css-3",
        "css-3",
        "css-4",
        "css-3",
        "css-4",
        "css-3",
        "css-4",
        "css-3",
        "css-4",
        "css-3",
        "css-3",
        "css-3",
        "css-3",
        "css-3",
        "css-4",
        "css-3",
        "css-4",
        "css-3",
        "css-4",
        "css-3",
        "css-4",
        "css-3",
      ],
      "filePath": "/tmp/fluentui-heft-plugin-real-vendor-test/project/src/ComplexApp.styles.ts",
      "originalCode": "
import { mergeStyles, mergeStyleSets } from '@fluentui/merge-styles';

// Test mergeStyleSets with theme integration
export const appStyleSet = mergeStyleSets({
  root: {
    display: 'flex',
    flexDirection: 'column',
    height: '100vh'
  },
  header: {
    backgroundColor: '#0078d4',
    color: 'white',
    padding: '16px'
  },
  content: {
    flex: 1,
    padding: '20px'
  }
});

// Test getStyles with conditional logic
export const getStyles = (props: any) => {
  const { theme, size, variant, disabled } = props;
  
  return {
    customButton: [
      // Test complex selectors and states
      mergeStyles({
        backgroundColor: variant === 'primary' ? '#0078d4' : '#f3f2f1',
        color: variant === 'primary' ? 'white' : '#323130',
        padding: size === 'large' ? '12px 24px' : '8px 16px',
        fontSize: size === 'large' ? '16px' : '14px',
        border: 'none',
        borderRadius: '2px',
        cursor: disabled ? 'not-allowed' : 'pointer',
        opacity: disabled ? 0.5 : 1,
        transition: 'all 0.2s ease',
        selectors: {
          ':hover': !disabled ? {
            backgroundColor: variant === 'primary' ? '#106ebe' : '#e1dfdd',
            transform: 'translateY(-1px)'
          } : {},
          ':focus': {
            outline: '2px solid #0078d4',
            outlineOffset: '2px'
          },
          ':active': !disabled ? {
            transform: 'translateY(0)',
            backgroundColor: variant === 'primary' ? '#005a9e' : '#d2d0ce'
          } : {},
          '&[data-size="small"]': {
            padding: '4px 8px',
            fontSize: '12px'
          }
        }
      }),
      // Test array composition
      size === 'large' && {
        fontWeight: '600',
        minWidth: '120px'
      },
      disabled && {
        pointerEvents: 'none'
      }
    ],
    buttonGroup: {
      display: 'flex',
      gap: '8px',
      alignItems: 'center',
      selectors: {
        '& > *': {
          flex: '0 0 auto'
        },
        '& .custom-button:first-child': {
          marginLeft: '0'
        },
        '& .custom-button:last-child': {
          marginRight: '0'
        }
      }
    }
  };
};
",
      "relativePath": "src/ComplexApp.styles.ts",
      "success": true,
      "transformedCode": "import { mergeStyles, mergeStyleSets } from '@fluentui/merge-styles';

// Test mergeStyleSets with theme integration
export const appStyleSet = {
  root: "root-0",
  header: "header-1",
  content: "content-2"
};

// Test getStyles with conditional logic
export const getStyles = props => {
  return {
    root: ["css-0", props.className]
  };
};",
    },
  ],
  "vendorFiles": [],
  "vendorIntegration": {
    "packageFound": true,
    "packageVersion": "9.3.87",
    "vendorStylesExtracted": 0,
  },
}
`;

exports[`FluentStyleExtractor Real Vendor Integration should handle real package with complex CSS-in-JS patterns - snapshot test: real-vendor-css-sample 1`] = `
"/* FluentUI Extracted Styles */
/* Generated by Heft FluentUI Style Extractor */

:root {
  --colorBrandBackground: #0078d4;
  --colorNeutralBackground1: #ffffff;
  --fontSizeBase300: 14px;
  --borderRadiusSmall: 2px;
  --spacingHorizontalM: 16px;
}

/* src/App.styles.ts */
.css-0{font-family:Segoe UI, sans-serif;padding-top:20px;padding-right:20px;padding-bottom:20px;padding-left:20px;background-color:#ffffff;min-height:100vh;}.css-1{padding-top:16px;padding-right:24px;padding-bottom:16px;padding-left:24px;border-radius:4px;margin-bottom:20px;font-size:20px;font-weight:600;}.css-2{display:grid;grid-template-columns:repeat(auto-fit, minmax(300px, 1fr));gap:20px;align-items:start;}

/* src/ComplexApp.styles.ts */
.root-0{display:flex;flex-direction:column;height:100vh;}.header-1{background-color:#0078d4;color:white;padding-top:16px;padding-right:16px;padding-bottom:16px;padding-left:16px;}.content-2{flex:1;padding-top:20px;padding-right:20px;padding-bottom:20px;padding-left:20px;}.css-3{display:flex;gap:8px;align-items:center;}.css-4{pointer-events:none;}

"
`;
